{
    "Should run without failures": {
        "content": [
            {
                "0": [
                    "amr_location.tsv:md5,8e266a07c592d7f5d4373efa9b62e648"
                ]
            }
        ],
        "timestamp": "2024-05-29T12:48:41.869549688"
    }
}