{
    "Should run without failures": {
        "content": [
            {
                "stderr": [
                    
                ],
                "errorReport": "",
                "exitStatus": 0,
                "out": {
                    
                },
                "failed": false,
                "stdout": [
                    
                ],
                "errorMessage": "",
                "trace": {
                    "tasksFailed": 0,
                    "tasksCount": 9,
                    "tasksSucceeded": 9
                },
                "name": "workflow",
                "success": true
            },
            "momofy_predictions.gff:md5,66860d3508e03e5c9121f0b2ced5b1ef",
            "momofy_predictions.fna:md5,46b3739742e19d0956a0ca3dd831ed88",
            "nested_integrons.txt:md5,4976bf6dfbe55854c6eaeacbbd953e70",
            "discarded_mge.txt:md5,6439e7df335deb0655f27a466fda97de"
        ],
        "timestamp": "2023-04-05T14:29:22+0000"
    }
}